// Jest Snapshot v1, https://goo.gl/fbAQLP

exports[`AUTH STACK Should match snapshot 1`] = `
<RNCSafeAreaProvider
  onInsetsChange={[Function]}
  style={
    Array [
      Object {
        "flex": 1,
      },
      undefined,
    ]
  }
>
  <RNSScreenStack
    style={
      Object {
        "flex": 1,
      }
    }
  >
    <RNSScreen
      collapsable={false}
      forwardedRef={[Function]}
      gestureResponseDistance={
        Object {
          "bottom": -1,
          "end": -1,
          "start": -1,
          "top": -1,
        }
      }
      nativeBackButtonDismissalEnabled={false}
      onAppear={[Function]}
      onDisappear={[Function]}
      onDismissed={[Function]}
      onHeaderBackButtonClicked={[Function]}
      onNativeDismissCancelled={[Function]}
      onTransitionProgress={[Function]}
      onWillDisappear={[Function]}
      replaceAnimation="push"
      stackPresentation="push"
      style={
        Object {
          "bottom": 0,
          "left": 0,
          "position": "absolute",
          "right": 0,
          "top": 0,
        }
      }
      swipeDirection="horizontal"
    >
      <RNSScreenStackHeaderConfig
        backButtonInCustomView={false}
        backgroundColor="rgb(255, 255, 255)"
        color="rgb(0, 122, 255)"
        direction="ltr"
        disableBackButtonMenu={false}
        hidden={true}
        hideBackButton={false}
        largeTitleHideShadow={false}
        title="Intro"
        titleColor="rgb(28, 28, 30)"
        topInsetEnabled={false}
        translucent={false}
      />
      <View
        style={
          Object {
            "flex": 1,
            "flexDirection": "column-reverse",
          }
        }
      >
        <View
          style={
            Array [
              Object {
                "flex": 1,
              },
              Object {
                "backgroundColor": "rgb(242, 242, 242)",
              },
              undefined,
            ]
          }
        >
          <View
            backgroundColor="#c12822"
            flex={1}
            style={
              Array [
                Object {
                  "backgroundColor": "#c12822",
                  "flexBasis": 0,
                  "flexGrow": 1,
                  "flexShrink": 1,
                },
              ]
            }
          >
            <View
              alignItems="center"
              flex={2}
              justifyContent="center"
              style={
                Array [
                  Object {
                    "alignItems": "center",
                    "flexBasis": 0,
                    "flexGrow": 2,
                    "flexShrink": 1,
                    "justifyContent": "center",
                    "width": "100%",
                  },
                ]
              }
              width="100%"
            >
              <Image
                source={1}
                style={
                  Object {
                    "height": "55%",
                    "resizeMode": "contain",
                    "width": "55%",
                  }
                }
              />
            </View>
            <View
              backgroundColor="#ffffff"
              borderTopLeftRadius={32}
              borderTopRightRadius={32}
              flex={1}
              justifyContent="space-between"
              p="M"
              style={
                Array [
                  Object {
                    "backgroundColor": "#ffffff",
                    "borderTopLeftRadius": 32,
                    "borderTopRightRadius": 32,
                    "flexBasis": 0,
                    "flexGrow": 1,
                    "flexShrink": 1,
                    "justifyContent": "space-between",
                    "paddingBottom": 16,
                    "paddingLeft": 16,
                    "paddingRight": 16,
                    "paddingTop": 16,
                    "width": "100%",
                  },
                ]
              }
              width="100%"
            >
              <View
                flex={0.1}
                style={
                  Array [
                    Object {
                      "flexBasis": 0,
                      "flexGrow": 0.1,
                      "flexShrink": 1,
                    },
                  ]
                }
              />
              <View
                style={
                  Array [
                    Object {},
                  ]
                }
              >
                <Text
                  style={
                    Array [
                      Object {
                        "color": "#222222",
                        "fontFamily": "Museo-700",
                        "fontSize": 20,
                        "fontWeight": "500",
                        "letterSpacing": 0,
                        "lineHeight": 32,
                      },
                    ]
                  }
                  variant="H2"
                >
                  Unlock your Tonies
                </Text>
                <Text
                  color="#64676e"
                  style={
                    Array [
                      Object {
                        "color": "#64676e",
                        "fontFamily": "Museo-300",
                        "fontSize": 12,
                        "fontWeight": "400",
                        "letterSpacing": 0,
                        "lineHeight": 18,
                      },
                    ]
                  }
                  variant="L1"
                >
                  Set up your Tonibox and discover the whole variety of your tonies with your mytonies acount.
                </Text>
              </View>
              <View
                pb="M"
                style={
                  Array [
                    Object {
                      "paddingBottom": 16,
                    },
                  ]
                }
              >
                <View
                  accessible={true}
                  collapsable={false}
                  focusable={true}
                  onClick={[Function]}
                  onResponderGrant={[Function]}
                  onResponderMove={[Function]}
                  onResponderRelease={[Function]}
                  onResponderTerminate={[Function]}
                  onResponderTerminationRequest={[Function]}
                  onStartShouldSetResponder={[Function]}
                  style={
                    Object {
                      "alignItems": "center",
                      "backgroundColor": "#e5e5e5",
                      "borderRadius": 8,
                      "flexDirection": "row",
                      "justifyContent": "space-between",
                      "marginTop": 8,
                      "minHeight": 35,
                      "opacity": 1,
                      "padding": 8,
                      "paddingLeft": 16,
                      "paddingRight": 16,
                      "width": "100%",
                    }
                  }
                >
                  <Text
                    style={
                      Array [
                        Object {
                          "color": "#222222",
                          "fontFamily": "Museo-300",
                          "fontSize": 15,
                          "letterSpacing": 0,
                          "lineHeight": 18,
                        },
                        Object {
                          "color": "#222222",
                        },
                      ]
                    }
                    variant="P2"
                  >
                    Log in
                  </Text>
                  <Text />
                </View>
                <View
                  accessible={true}
                  collapsable={false}
                  focusable={true}
                  onClick={[Function]}
                  onResponderGrant={[Function]}
                  onResponderMove={[Function]}
                  onResponderRelease={[Function]}
                  onResponderTerminate={[Function]}
                  onResponderTerminationRequest={[Function]}
                  onStartShouldSetResponder={[Function]}
                  style={
                    Object {
                      "alignItems": "center",
                      "backgroundColor": "#e5e5e5",
                      "borderRadius": 8,
                      "flexDirection": "row",
                      "justifyContent": "space-between",
                      "marginTop": 8,
                      "minHeight": 35,
                      "opacity": 1,
                      "padding": 8,
                      "paddingLeft": 16,
                      "paddingRight": 16,
                      "width": "100%",
                    }
                  }
                >
                  <Text
                    style={
                      Array [
                        Object {
                          "color": "#222222",
                          "fontFamily": "Museo-300",
                          "fontSize": 15,
                          "letterSpacing": 0,
                          "lineHeight": 18,
                        },
                        Object {
                          "color": "#222222",
                        },
                      ]
                    }
                    variant="P2"
                  >
                    Free registration
                  </Text>
                  <Text />
                </View>
              </View>
            </View>
          </View>
        </View>
      </View>
    </RNSScreen>
  </RNSScreenStack>
</RNCSafeAreaProvider>
`;
