// Jest Snapshot v1, https://goo.gl/fbAQLP

exports[`renders Box correctly 1`] = `
<View
  flex={1}
  style={
    Array [
      Object {
        "flexBasis": 0,
        "flexGrow": 1,
        "flexShrink": 1,
      },
    ]
  }
/>
`;
